<html>
<body>
<pre>
<h1>µVision Build Log</h1>
<h2>Tool Versions:</h2>
IDE-Version: µVision V5.37.0.0
Copyright (C) 2022 ARM Ltd and ARM Germany GmbH. All rights reserved.
License Information: thanh vinh, hp, LIC=21E4T-RCBRE-45KT5-G5WFQ-QK6DP-JPBZS
 
Tool Versions:
Toolchain:       MDK-ARM Plus  Version: 5.37.0.0
Toolchain Path:  C:\Keil_v5\ARM\ARMCLANG\Bin
C Compiler:      ArmClang.exe V6.18
Assembler:       Armasm.exe V6.18
Linker/Locator:  ArmLink.exe V6.18
Library Manager: ArmAr.exe V6.18
Hex Converter:   FromElf.exe V6.18
CPU DLL:         SARMCM3.DLL V5.37.0.0
Dialog DLL:      DCM.DLL V1.17.5.0
Target DLL:      STLink\ST-LINKIII-KEIL_SWO.dll V3.0.9.0
Dialog DLL:      TCM.DLL V1.56.1.0
 
<h2>Project:</h2>
D:\KIT_LEARNING_STM32\SPI22\MDK\HOCSPI.uvprojx
Project File Date:  11/05/2022

<h2>Output:</h2>
*** Using Compiler 'V6.18', folder: 'C:\Keil_v5\ARM\ARMCLANG\Bin'
Build target 'SPI'
../USER/main.c(50): warning: // comments are not allowed in this language [-Wcomment]
        // khai bao chan pb12_ SPI2_NSS;
        ^
../USER/main.c(66): warning: incompatible pointer types passing 'void (*)(void)' to parameter of type 'GPIO_InitTypeDef *' [-Wincompatible-pointer-types]
        GPIO_Init(GPIOB,&kbspi);
                        ^~~~~~
C:/Users/OS/AppData/Local/Arm/Packs/Keil/STM32F1xx_DFP/2.4.0/Device/StdPeriph_Driver/inc\stm32f10x_gpio.h(350): note: passing argument to parameter 'GPIO_InitStruct' here
void GPIO_Init(GPIO_TypeDef* GPIOx, GPIO_InitTypeDef* GPIO_InitStruct);
                                                      ^
2 warnings generated.
compiling main.c...
linking...
Program Size: Code=2328 RO-data=252 RW-data=0 ZI-data=1632  
FromELF: creating hex file...
".\Objects\HOCSPI.axf" - 0 Error(s), 2 Warning(s).

<h2>Software Packages used:</h2>

Package Vendor: ARM
                http://www.keil.com/pack/ARM.CMSIS.5.9.0.pack
                ARM.CMSIS.5.9.0
                CMSIS (Common Microcontroller Software Interface Standard)
   * Component: CORE Version: 5.6.0

Package Vendor: Keil
                http://www.keil.com/pack/Keil.STM32F1xx_DFP.2.4.0.pack
                Keil.STM32F1xx_DFP.2.4.0
                STMicroelectronics STM32F1 Series Device Support, Drivers and Examples
   * Component: DMA Version: 1.3
   * Component: GPIO Version: 1.3
   * Component: Startup Version: 1.0.0
   * Component: EXTI Version: 3.6.0
   * Component: Flash Version: 3.6.0
   * Component: Framework Version: 3.6.0
   * Component: GPIO Version: 3.6.0
   * Component: RCC Version: 3.6.0
   * Component: RTC Version: 3.6.0
   * Component: SPI Version: 3.6.0
   * Component: TIM Version: 3.6.0

<h2>Collection of Component include folders:</h2>
  ./RTE/Device/STM32F103C8
  ./RTE/_SPI
  C:/Users/OS/AppData/Local/Arm/Packs/ARM/CMSIS/5.9.0/CMSIS/Core/Include
  C:/Users/OS/AppData/Local/Arm/Packs/Keil/STM32F1xx_DFP/2.4.0/Device/Include
  C:/Users/OS/AppData/Local/Arm/Packs/Keil/STM32F1xx_DFP/2.4.0/Device/StdPeriph_Driver/inc
  C:/Users/OS/AppData/Local/Arm/Packs/Keil/STM32F1xx_DFP/2.4.0/RTE_Driver

<h2>Collection of Component Files used:</h2>

   * Component: ARM::CMSIS:CORE:5.6.0

   * Component: Keil::Device:DMA:1.3
      Source file:   RTE_Driver/DMA_STM32F10x.c
      Include file:  RTE_Driver/DMA_STM32F10x.h

   * Component: Keil::Device:GPIO:1.3
      Include file:  RTE_Driver/GPIO_STM32F10x.h
      Source file:   RTE_Driver/GPIO_STM32F10x.c

   * Component: Keil::Device:Startup:1.0.0
      Source file:   Device/Source/ARM/startup_stm32f10x_md.s
      Source file:   Device/Source/ARM/STM32F1xx_OPT.s
      Source file:   Device/Source/system_stm32f10x.c
      Include file:  RTE_Driver/Config/RTE_Device.h

   * Component: Keil::Device:StdPeriph Drivers:EXTI:3.6.0
      Include file:  Device/StdPeriph_Driver/inc/stm32f10x_exti.h
      Source file:   Device/StdPeriph_Driver/src/stm32f10x_exti.c

   * Component: Keil::Device:StdPeriph Drivers:Flash:3.6.0
      Include file:  Device/StdPeriph_Driver/inc/stm32f10x_flash.h
      Source file:   Device/StdPeriph_Driver/src/stm32f10x_flash.c

   * Component: Keil::Device:StdPeriph Drivers:Framework:3.6.0
      Include file:  Device/StdPeriph_Driver/inc/misc.h
      Include file:  Device/StdPeriph_Driver/templates/stm32f10x_it.h
      Source file:   Device/StdPeriph_Driver/templates/stm32f10x_conf.h
      Source file:   Device/StdPeriph_Driver/src/misc.c
      Source file:   Device/StdPeriph_Driver/templates/stm32f10x_it.c

   * Component: Keil::Device:StdPeriph Drivers:GPIO:3.6.0
      Include file:  Device/StdPeriph_Driver/inc/stm32f10x_gpio.h
      Source file:   Device/StdPeriph_Driver/src/stm32f10x_gpio.c

   * Component: Keil::Device:StdPeriph Drivers:RCC:3.6.0
      Source file:   Device/StdPeriph_Driver/src/stm32f10x_rcc.c
      Include file:  Device/StdPeriph_Driver/inc/stm32f10x_rcc.h

   * Component: Keil::Device:StdPeriph Drivers:RTC:3.6.0
      Include file:  Device/StdPeriph_Driver/inc/stm32f10x_rtc.h
      Source file:   Device/StdPeriph_Driver/src/stm32f10x_rtc.c

   * Component: Keil::Device:StdPeriph Drivers:SPI:3.6.0
      Source file:   Device/StdPeriph_Driver/src/stm32f10x_spi.c
      Include file:  Device/StdPeriph_Driver/inc/stm32f10x_spi.h

   * Component: Keil::Device:StdPeriph Drivers:TIM:3.6.0
      Include file:  Device/StdPeriph_Driver/inc/stm32f10x_tim.h
      Source file:   Device/StdPeriph_Driver/src/stm32f10x_tim.c
Build Time Elapsed:  00:00:01
</pre>
</body>
</html>
